---
version: 1
interactions:
- request:
    body: '{"name":"instance_utils_test","image":"f974feac-abae-4365-b988-8ec7d1cec10d","organization":"d429f6a1-c0a6-48cf-8b5a-1f9dfe76ffd3"}'
    form: {}
    headers:
      Content-Type:
      - application/json
      User-Agent:
      - scaleway-sdk-go/0.0.0
    url: https://api.scaleway.com/instance/v1/zones/fr-par-1/servers
    method: POST
  response:
    body: '{"server": {"allowed_actions": ["poweron", "backup"], "maintenances": [],
      "state_detail": "", "image": {"creation_date": "2019-03-05T10:13:15.974944+00:00",
      "default_bootscript": {"kernel": "http://169.254.42.24/kernel/x86_64-mainline-lts-4.9-4.9.93-rev1/vmlinuz-4.9.93",
      "initrd": "http://169.254.42.24/initrd/initrd-Linux-x86_64-v3.14.6.gz", "default":
      false, "bootcmdargs": "LINUX_COMMON scaleway boot=local nbd.max_part=16", "architecture":
      "x86_64", "title": "x86_64 mainline 4.9.93 rev1", "dtb": "", "organization":
      "11111111-1111-4111-8111-111111111111", "id": "15fbd2f7-a0f9-412b-8502-6a44da8d98b8",
      "public": true}, "from_server": null, "arch": "x86_64", "id": "f974feac-abae-4365-b988-8ec7d1cec10d",
      "root_volume": {"size": 10000000000, "id": "dd5f5c10-23b1-4c9c-8445-eb6740957c84",
      "volume_type": "l_ssd", "name": "snapshot-de728daa-0bf6-4c64-abf5-a9477e791c83-2019-03-05_10:13"},
      "name": "Ubuntu Bionic Beaver", "modification_date": "2019-03-05T13:32:29.274319+00:00",
      "state": "available", "organization": "51b656e3-4865-41e8-adbc-0c45bdd780db",
      "extra_volumes": {}, "public": true}, "creation_date": "2019-05-17T16:21:46.645061+00:00",
      "public_ip": null, "private_ip": null, "id": "3dad9f6a-d6b2-4cde-a179-5bb1f1b26a35",
      "dynamic_ip_required": true, "modification_date": "2019-05-17T16:21:47.050490+00:00",
      "enable_ipv6": false, "hostname": "instance-utils-test", "state": "stopped",
      "bootscript": {"kernel": "http://169.254.42.24/kernel/x86_64-mainline-lts-4.9-4.9.93-rev1/vmlinuz-4.9.93",
      "initrd": "http://169.254.42.24/initrd/initrd-Linux-x86_64-v3.14.6.gz", "default":
      false, "bootcmdargs": "LINUX_COMMON scaleway boot=local nbd.max_part=16", "architecture":
      "x86_64", "title": "x86_64 mainline 4.9.93 rev1", "dtb": "", "organization":
      "11111111-1111-4111-8111-111111111111", "id": "15fbd2f7-a0f9-412b-8502-6a44da8d98b8",
      "public": true}, "location": null, "boot_type": "bootscript", "ipv6": null,
      "commercial_type": "START1-S", "tags": [], "arch": "x86_64", "extra_networks":
      [], "compute_cluster": null, "name": "instance_utils_test", "protected": false,
      "volumes": {"0": {"size": 50000000000, "state": "available", "name": "snapshot-de728daa-0bf6-4c64-abf5-a9477e791c83-2019-03-05_10:13",
      "modification_date": "2019-05-17T16:21:46.982732+00:00", "organization": "d429f6a1-c0a6-48cf-8b5a-1f9dfe76ffd3",
      "export_uri": null, "creation_date": "2019-05-17T16:21:46.645061+00:00", "id":
      "464cd6a8-7271-42c7-ab95-de4cf22058d5", "volume_type": "l_ssd", "server": {"id":
      "3dad9f6a-d6b2-4cde-a179-5bb1f1b26a35", "name": "instance_utils_test"}}}, "security_group":
      {"id": "9f073e03-5511-4863-ae23-9cb0deb82426", "name": "Default security group"},
      "organization": "d429f6a1-c0a6-48cf-8b5a-1f9dfe76ffd3"}}'
    headers:
      Cache-Control:
      - no-cache
      Content-Length:
      - "2714"
      Content-Security-Policy:
      - default-src 'none'; frame-ancestors 'none'
      Content-Type:
      - application/json
      Date:
      - Fri, 17 May 2019 16:21:46 GMT
      Location:
      - https://cp-par1.scaleway.com/servers/3dad9f6a-d6b2-4cde-a179-5bb1f1b26a35
      Server:
      - scaleway_api
      Strict-Transport-Security:
      - max-age=63072000
      X-Content-Type-Options:
      - nosniff
      X-Frame-Options:
      - DENY
    status: 201 Created
    code: 201
    duration: ""
- request:
    body: '{"organization":"d429f6a1-c0a6-48cf-8b5a-1f9dfe76ffd3"}'
    form: {}
    headers:
      Content-Type:
      - application/json
      User-Agent:
      - scaleway-sdk-go/0.0.0
    url: https://api.scaleway.com/instance/v1/zones/fr-par-1/ips
    method: POST
  response:
    body: '{"ip": {"organization": "d429f6a1-c0a6-48cf-8b5a-1f9dfe76ffd3", "reverse":
      null, "id": "1c91be6a-7f22-42aa-84d9-e83479613db0", "server": null, "address":
      "51.158.120.111"}}'
    headers:
      Cache-Control:
      - no-cache
      Content-Length:
      - "172"
      Content-Security-Policy:
      - default-src 'none'; frame-ancestors 'none'
      Content-Type:
      - application/json
      Date:
      - Fri, 17 May 2019 16:21:47 GMT
      Location:
      - https://cp-par1.scaleway.com/ips/1c91be6a-7f22-42aa-84d9-e83479613db0
      Server:
      - scaleway_api
      Strict-Transport-Security:
      - max-age=63072000
      X-Content-Type-Options:
      - nosniff
      X-Frame-Options:
      - DENY
    status: 201 Created
    code: 201
    duration: ""
- request:
    body: '{"server":"3dad9f6a-d6b2-4cde-a179-5bb1f1b26a35"}'
    form: {}
    headers:
      Content-Type:
      - application/json
      User-Agent:
      - scaleway-sdk-go/0.0.0
    url: https://api.scaleway.com/instance/v1/zones/fr-par-1/ips/1c91be6a-7f22-42aa-84d9-e83479613db0
    method: PATCH
  response:
    body: '{"ip": {"organization": "d429f6a1-c0a6-48cf-8b5a-1f9dfe76ffd3", "reverse":
      null, "id": "1c91be6a-7f22-42aa-84d9-e83479613db0", "server": {"id": "3dad9f6a-d6b2-4cde-a179-5bb1f1b26a35",
      "name": "instance_utils_test"}, "address": "51.158.120.111"}}'
    headers:
      Cache-Control:
      - no-cache
      Content-Length:
      - "245"
      Content-Security-Policy:
      - default-src 'none'; frame-ancestors 'none'
      Content-Type:
      - application/json
      Date:
      - Fri, 17 May 2019 16:21:55 GMT
      Server:
      - scaleway_api
      Strict-Transport-Security:
      - max-age=63072000
      X-Content-Type-Options:
      - nosniff
      X-Frame-Options:
      - DENY
    status: 200 OK
    code: 200
    duration: ""
- request:
    body: '{"server":null}'
    form: {}
    headers:
      Content-Type:
      - application/json
      User-Agent:
      - scaleway-sdk-go/0.0.0
    url: https://api.scaleway.com/instance/v1/zones/fr-par-1/ips/1c91be6a-7f22-42aa-84d9-e83479613db0
    method: PATCH
  response:
    body: '{"ip": {"organization": "d429f6a1-c0a6-48cf-8b5a-1f9dfe76ffd3", "reverse":
      null, "id": "1c91be6a-7f22-42aa-84d9-e83479613db0", "server": null, "address":
      "51.158.120.111"}}'
    headers:
      Cache-Control:
      - no-cache
      Content-Length:
      - "172"
      Content-Security-Policy:
      - default-src 'none'; frame-ancestors 'none'
      Content-Type:
      - application/json
      Date:
      - Fri, 17 May 2019 16:21:56 GMT
      Server:
      - scaleway_api
      Strict-Transport-Security:
      - max-age=63072000
      X-Content-Type-Options:
      - nosniff
      X-Frame-Options:
      - DENY
    status: 200 OK
    code: 200
    duration: ""
- request:
    body: '{"reverse":"1.1.1.1"}'
    form: {}
    headers:
      Content-Type:
      - application/json
      User-Agent:
      - scaleway-sdk-go/0.0.0
    url: https://api.scaleway.com/instance/v1/zones/fr-par-1/ips/1c91be6a-7f22-42aa-84d9-e83479613db0
    method: PATCH
  response:
    body: '{"ip": {"organization": "d429f6a1-c0a6-48cf-8b5a-1f9dfe76ffd3", "reverse":
      "1.1.1.1", "id": "1c91be6a-7f22-42aa-84d9-e83479613db0", "server": null, "address":
      "51.158.120.111"}}'
    headers:
      Cache-Control:
      - no-cache
      Content-Length:
      - "177"
      Content-Security-Policy:
      - default-src 'none'; frame-ancestors 'none'
      Content-Type:
      - application/json
      Date:
      - Fri, 17 May 2019 16:22:04 GMT
      Server:
      - scaleway_api
      Strict-Transport-Security:
      - max-age=63072000
      X-Content-Type-Options:
      - nosniff
      X-Frame-Options:
      - DENY
    status: 200 OK
    code: 200
    duration: ""
- request:
    body: '{"reverse":null}'
    form: {}
    headers:
      Content-Type:
      - application/json
      User-Agent:
      - scaleway-sdk-go/0.0.0
    url: https://api.scaleway.com/instance/v1/zones/fr-par-1/ips/1c91be6a-7f22-42aa-84d9-e83479613db0
    method: PATCH
  response:
    body: '{"ip": {"organization": "d429f6a1-c0a6-48cf-8b5a-1f9dfe76ffd3", "reverse":
      null, "id": "1c91be6a-7f22-42aa-84d9-e83479613db0", "server": null, "address":
      "51.158.120.111"}}'
    headers:
      Cache-Control:
      - no-cache
      Content-Length:
      - "172"
      Content-Security-Policy:
      - default-src 'none'; frame-ancestors 'none'
      Content-Type:
      - application/json
      Date:
      - Fri, 17 May 2019 16:22:12 GMT
      Server:
      - scaleway_api
      Strict-Transport-Security:
      - max-age=63072000
      X-Content-Type-Options:
      - nosniff
      X-Frame-Options:
      - DENY
    status: 200 OK
    code: 200
    duration: ""
- request:
    body: ""
    form: {}
    headers:
      User-Agent:
      - scaleway-sdk-go/0.0.0
    url: https://api.scaleway.com/instance/v1/zones/fr-par-1/ips/1c91be6a-7f22-42aa-84d9-e83479613db0
    method: DELETE
  response:
    body: ""
    headers:
      Cache-Control:
      - no-cache
      Content-Security-Policy:
      - default-src 'none'; frame-ancestors 'none'
      Content-Type:
      - application/json
      Date:
      - Fri, 17 May 2019 16:22:13 GMT
      Server:
      - scaleway_api
      Strict-Transport-Security:
      - max-age=63072000
      X-Content-Type-Options:
      - nosniff
      X-Frame-Options:
      - DENY
    status: 204 No Content
    code: 204
    duration: ""
- request:
    body: ""
    form: {}
    headers:
      User-Agent:
      - scaleway-sdk-go/0.0.0
    url: https://api.scaleway.com/instance/v1/zones/fr-par-1/servers/3dad9f6a-d6b2-4cde-a179-5bb1f1b26a35
    method: DELETE
  response:
    body: ""
    headers:
      Cache-Control:
      - no-cache
      Content-Security-Policy:
      - default-src 'none'; frame-ancestors 'none'
      Content-Type:
      - application/json
      Date:
      - Fri, 17 May 2019 16:22:13 GMT
      Server:
      - scaleway_api
      Strict-Transport-Security:
      - max-age=63072000
      X-Content-Type-Options:
      - nosniff
      X-Frame-Options:
      - DENY
    status: 204 No Content
    code: 204
    duration: ""
- request:
    body: ""
    form: {}
    headers:
      User-Agent:
      - scaleway-sdk-go/0.0.0
    url: https://api.scaleway.com/instance/v1/zones/fr-par-1/volumes/464cd6a8-7271-42c7-ab95-de4cf22058d5
    method: DELETE
  response:
    body: ""
    headers:
      Cache-Control:
      - no-cache
      Content-Security-Policy:
      - default-src 'none'; frame-ancestors 'none'
      Content-Type:
      - application/json
      Date:
      - Fri, 17 May 2019 16:22:13 GMT
      Server:
      - scaleway_api
      Strict-Transport-Security:
      - max-age=63072000
      X-Content-Type-Options:
      - nosniff
      X-Frame-Options:
      - DENY
    status: 204 No Content
    code: 204
    duration: ""
