---
version: 1
interactions:
- request:
    body: '{"name":"name","description":"description","project":"951df375-e094-4d26-97c1-ba548eeb9c42","stateful":true,"inbound_default_policy":"accept","outbound_default_policy":"drop"}'
    form: {}
    headers:
      Content-Type:
      - application/json
      User-Agent:
      - scaleway-sdk-go/v1.0.0-beta.7+dev (go1.17.8; darwin; amd64)
    url: https://api.scaleway.com/instance/v1/zones/fr-par-1/security_groups
    method: POST
  response:
    body: '{"security_group": {"id": "d912ba75-6d04-4b89-96f9-fcee0918d2f3", "creation_date":
      "2022-03-04T12:05:10.228601+00:00", "modification_date": "2022-03-04T12:05:10.228601+00:00",
      "name": "name", "description": "description", "organization": "951df375-e094-4d26-97c1-ba548eeb9c42",
      "project": "951df375-e094-4d26-97c1-ba548eeb9c42", "servers": [], "stateful":
      true, "inbound_default_policy": "accept", "outbound_default_policy": "drop",
      "organization_default": false, "project_default": false, "enable_default_security":
      true, "state": "syncing", "tags": [], "zone": "fr-par-1"}}'
    headers:
      Content-Length:
      - "575"
      Content-Security-Policy:
      - default-src 'none'; frame-ancestors 'none'
      Content-Type:
      - application/json
      Date:
      - Fri, 04 Mar 2022 12:05:10 GMT
      Location:
      - https://api.scaleway.com/instance/v1/zones/fr-par-1/security_groups/d912ba75-6d04-4b89-96f9-fcee0918d2f3
      Server:
      - Scaleway API-Gateway
      Strict-Transport-Security:
      - max-age=63072000
      X-Content-Type-Options:
      - nosniff
      X-Frame-Options:
      - DENY
      X-Request-Id:
      - e86c7d46-fc3e-458c-af3d-71f18f695fa1
    status: 201 Created
    code: 201
    duration: ""
- request:
    body: ""
    form: {}
    headers:
      User-Agent:
      - scaleway-sdk-go/v1.0.0-beta.7+dev (go1.17.8; darwin; amd64)
    url: https://api.scaleway.com/instance/v1/zones/fr-par-1/security_groups/d912ba75-6d04-4b89-96f9-fcee0918d2f3
    method: GET
  response:
    body: '{"security_group": {"id": "d912ba75-6d04-4b89-96f9-fcee0918d2f3", "creation_date":
      "2022-03-04T12:05:10.228601+00:00", "modification_date": "2022-03-04T12:05:10.660112+00:00",
      "name": "name", "description": "description", "organization": "951df375-e094-4d26-97c1-ba548eeb9c42",
      "project": "951df375-e094-4d26-97c1-ba548eeb9c42", "servers": [], "stateful":
      true, "inbound_default_policy": "accept", "outbound_default_policy": "drop",
      "organization_default": false, "project_default": false, "enable_default_security":
      true, "state": "available", "tags": [], "zone": "fr-par-1"}}'
    headers:
      Content-Length:
      - "577"
      Content-Security-Policy:
      - default-src 'none'; frame-ancestors 'none'
      Content-Type:
      - application/json
      Date:
      - Fri, 04 Mar 2022 12:05:10 GMT
      Server:
      - Scaleway API-Gateway
      Strict-Transport-Security:
      - max-age=63072000
      X-Content-Type-Options:
      - nosniff
      X-Frame-Options:
      - DENY
      X-Request-Id:
      - c2ffff9a-2b1e-4ae6-a047-a165a4bda5fd
    status: 200 OK
    code: 200
    duration: ""
- request:
    body: '{"name":"new_name","tags":["foo","bar"],"creation_date":"2022-03-04T12:05:10.228601Z","modification_date":"2022-03-04T12:05:10.660112Z","description":"new_description","enable_default_security":true,"inbound_default_policy":"drop","outbound_default_policy":"accept","organization":"951df375-e094-4d26-97c1-ba548eeb9c42","project":"951df375-e094-4d26-97c1-ba548eeb9c42","organization_default":false,"project_default":false,"servers":[],"stateful":false}'
    form: {}
    headers:
      Content-Type:
      - application/json
      User-Agent:
      - scaleway-sdk-go/v1.0.0-beta.7+dev (go1.17.8; darwin; amd64)
    url: https://api.scaleway.com/instance/v1/zones/fr-par-1/security_groups/d912ba75-6d04-4b89-96f9-fcee0918d2f3
    method: PUT
  response:
    body: '{"security_group": {"id": "d912ba75-6d04-4b89-96f9-fcee0918d2f3", "creation_date":
      "2022-03-04T12:05:10.228601+00:00", "modification_date": "2022-03-04T12:05:10.806733+00:00",
      "name": "new_name", "description": "new_description", "organization": "951df375-e094-4d26-97c1-ba548eeb9c42",
      "project": "951df375-e094-4d26-97c1-ba548eeb9c42", "servers": [], "stateful":
      false, "inbound_default_policy": "drop", "outbound_default_policy": "accept",
      "organization_default": false, "project_default": false, "enable_default_security":
      true, "state": "syncing", "tags": ["foo", "bar"], "zone": "fr-par-1"}}'
    headers:
      Content-Length:
      - "596"
      Content-Security-Policy:
      - default-src 'none'; frame-ancestors 'none'
      Content-Type:
      - application/json
      Date:
      - Fri, 04 Mar 2022 12:05:11 GMT
      Server:
      - Scaleway API-Gateway
      Strict-Transport-Security:
      - max-age=63072000
      X-Content-Type-Options:
      - nosniff
      X-Frame-Options:
      - DENY
      X-Request-Id:
      - 4a2904bd-618e-4040-8172-c264b417b643
    status: 200 OK
    code: 200
    duration: ""
- request:
    body: ""
    form: {}
    headers:
      User-Agent:
      - scaleway-sdk-go/v1.0.0-beta.7+dev (go1.17.8; darwin; amd64)
    url: https://api.scaleway.com/instance/v1/zones/fr-par-1/security_groups/d912ba75-6d04-4b89-96f9-fcee0918d2f3
    method: DELETE
  response:
    body: ""
    headers:
      Content-Security-Policy:
      - default-src 'none'; frame-ancestors 'none'
      Date:
      - Fri, 04 Mar 2022 12:05:11 GMT
      Server:
      - Scaleway API-Gateway
      Strict-Transport-Security:
      - max-age=63072000
      X-Content-Type-Options:
      - nosniff
      X-Frame-Options:
      - DENY
      X-Request-Id:
      - 4f833689-9c6b-4c64-93df-dd1b8ef8bb50
    status: 204 No Content
    code: 204
    duration: ""
