---
version: 1
interactions:
- request:
    body: ""
    form: {}
    headers:
      User-Agent:
      - scaleway-sdk-go/v1.0.0-beta.7+dev (go1.19; darwin; amd64)
    url: https://api.scaleway.com/marketplace/v2/images?include_eol=false&order_by=name_asc&page=1
    method: GET
  response:
    body: '{"images":[{"id":"0d3a22da-c634-45d6-a7dd-aff402f88b0c","name":"AlmaLinux
      8","label":"almalinux_8","description":"AlmaLinux OS is an Open Source and forever-free
      enterprise Linux distribution, governed and driven by the community, focused
      on long-term stability and a robust production-grade platform","logo":"https://scw-marketplace-logos.s3.fr-par.scw.cloud/almalinux.png","categories":["distribution"],"valid_until":null,"created_at":"2021-10-05T13:36:52.246490Z","updated_at":"2022-11-21T09:56:12.505342Z"},{"id":"486ead23-9656-41d1-aa74-a5a780b2ae1b","name":"AlmaLinux
      9","label":"almalinux_9","description":"AlmaLinux OS is an Open Source and forever-free
      enterprise Linux distribution, governed and driven by the community, focused
      on long-term stability and a robust production-grade platform","logo":"https://scw-marketplace-logos.s3.fr-par.scw.cloud/almalinux.png","categories":["distribution"],"valid_until":null,"created_at":"2022-08-24T09:21:26.315925Z","updated_at":"2022-11-21T09:56:21.843707Z"},{"id":"8f60c5dd-e659-48da-97e3-fb7de42195f5","name":"Arch
      Linux","label":"arch_linux","description":"Arch Linux is an independently developed
      Linux distribution versatile enough to suit any role.","logo":"https://scw-marketplace-logos.s3.fr-par.scw.cloud/archlinux.png","categories":["distribution"],"valid_until":null,"created_at":"2016-03-07T20:55:32.213089Z","updated_at":"2022-01-26T12:54:47.557608Z"},{"id":"dc947de3-ddc7-4056-bc35-d51a316ebbb4","name":"CentOS
      7.9","label":"centos_7.9","description":"The CentOS Project is a community-driven
      free software effort focused on delivering a robust open source ecosystem.","logo":"https://scw-marketplace-logos.s3.fr-par.scw.cloud/centos.png","categories":["distribution"],"valid_until":null,"created_at":"2019-12-25T00:00:00Z","updated_at":"2022-11-21T09:57:07.222778Z"},{"id":"f49dc23e-82d1-48c3-b80e-6c697b1dda92","name":"CentOS
      Stream 8","label":"centos_stream_8","description":"The CentOS Project is a community-driven
      free software effort focused on delivering a robust open source ecosystem.","logo":"https://scw-marketplace-logos.s3.fr-par.scw.cloud/centos.png","categories":["distribution"],"valid_until":null,"created_at":"2022-02-03T10:23:22.168515Z","updated_at":"2022-11-21T09:57:17.844379Z"},{"id":"cfb3fa01-6406-4be8-9e9d-29daee2582fa","name":"CentOS
      Stream 9","label":"centos_stream_9","description":"The CentOS Project is a community-driven
      free software effort focused on delivering a robust open source ecosystem.","logo":"https://scw-marketplace-logos.s3.fr-par.scw.cloud/centos.png","categories":["distribution"],"valid_until":null,"created_at":"2022-02-03T10:35:17.004309Z","updated_at":"2022-11-21T09:57:27.226811Z"},{"id":"7bdc1afb-231f-486a-9b85-1b0478bc0e4a","name":"Debian
      10 (Buster)","label":"debian_buster","description":"Debian is a free operating
      system, developed by thousands of volunteers from all over the world who collaborate
      via the Internet.","logo":"https://scw-marketplace-logos.s3.fr-par.scw.cloud/debian.png","categories":["distribution"],"valid_until":null,"created_at":"2019-07-16T13:55:36.377559Z","updated_at":"2022-11-22T15:03:29.064893Z"},{"id":"213b02cb-3d8d-4967-ba8d-e5767a57574e","name":"Debian
      Bullseye","label":"debian_bullseye","description":"Debian is a free operating
      system, developed by thousands of volunteers from all over the world who collaborate
      via the Internet.","logo":"https://scw-marketplace-logos.s3.fr-par.scw.cloud/debian.png","categories":["distribution"],"valid_until":null,"created_at":"2021-07-21T09:09:36.581723Z","updated_at":"2023-01-03T16:14:56.937558Z"},{"id":"c1b530d8-0ca0-45c4-80db-ba06608287b2","name":"Docker","label":"docker","description":"Docker
      is an open platform for developers and sysadmins to build, ship, and run distributed
      applications.","logo":"https://scw-marketplace-logos.s3.fr-par.scw.cloud/docker.png","categories":["instantapp"],"valid_until":null,"created_at":"2016-03-05T15:11:26.847640Z","updated_at":"2022-11-21T09:58:41.216589Z"},{"id":"198bbff7-c136-4b9c-9e28-8770df451fc1","name":"Fedora
      35","label":"fedora_35","description":"Fedora is a powerful, flexible operating
      system that includes the best and latest datacenter technologies. It puts you
      in control of all your infrastructure and services","logo":"https://scw-marketplace-logos.s3.fr-par.scw.cloud/fedora.png","categories":["distribution"],"valid_until":null,"created_at":"2021-11-15T16:12:25.586923Z","updated_at":"2022-11-21T09:57:37.091043Z"},{"id":"186859f6-0152-45dd-9eb8-21fc5e8d774e","name":"Fedora
      36","label":"fedora_36","description":"Fedora is a powerful, flexible operating
      system that includes the best and latest datacenter technologies. It puts you
      in control of all your infrastructure and services","logo":"https://scw-marketplace-logos.s3.fr-par.scw.cloud/fedora.png","categories":["distribution"],"valid_until":null,"created_at":"2022-04-14T15:45:29.069701Z","updated_at":"2022-11-21T09:57:45.692658Z"},{"id":"2b0e5802-eb82-4fd5-ac8f-6877c46aa14b","name":"Fedora
      37","label":"fedora_37","description":"Fedora is a powerful, flexible operating
      system that includes the best and latest datacenter technologies. It puts you
      in control of all your infrastructure and services","logo":"https://scw-marketplace-logos.s3.fr-par.scw.cloud/fedora.png","categories":["distribution"],"valid_until":null,"created_at":"2022-11-14T10:48:04.097063Z","updated_at":"2022-11-21T10:14:57.440013Z"},{"id":"233074b9-e2ba-4e78-818e-dd4930ce6bee","name":"GitLab","label":"gitlab","description":"GitLab
      is a web-based Git repository manager with wiki and issue tracking features.","logo":"https://scw-marketplace-logos.s3.fr-par.scw.cloud/gitlab.png","categories":["instantapp"],"valid_until":null,"created_at":"2016-03-07T21:06:22.770864Z","updated_at":"2022-11-21T09:59:01.854428Z"},{"id":"7d4a7cb1-1fd5-4a64-920b-c79f47367254","name":"NextCloud","label":"nextcloud","description":"Nextcloud
      is an open source, self-hosted file share and communication platform.","logo":"https://scw-marketplace-logos.s3.fr-par.scw.cloud/nextcloud.png","categories":["instantapp"],"valid_until":null,"created_at":"2019-04-16T12:22:56.930842Z","updated_at":"2022-11-21T09:58:50.824677Z"},{"id":"b6f4edc8-21e6-4aa2-8f52-1030cf6d4dd8","name":"OpenVPN","label":"openvpn","description":"Surf
      the web in a secure and anonymous way with OpenVPN InstantApp.","logo":"https://scw-marketplace-logos.s3.fr-par.scw.cloud/openvpn.png","categories":["instantapp"],"valid_until":null,"created_at":"2016-03-07T21:04:57.667667Z","updated_at":"2022-11-21T09:58:29.002209Z"},{"id":"1576bf6b-f640-47f2-9117-968419d0546e","name":"Rocky
      Linux 8","label":"rockylinux_8","description":"Rocky Linux is a community-driven
      effort to bring you enterprise-grade, production-ready Linux.","logo":"https://scw-marketplace-logos.s3.fr-par.scw.cloud/rockylinux.png","categories":["distribution"],"valid_until":null,"created_at":"2021-06-25T10:16:16.254240Z","updated_at":"2022-12-06T10:11:34.316020Z"},{"id":"589c35a9-20ce-4ed9-92d7-16dc061be52b","name":"Rocky
      Linux 9","label":"rockylinux_9","description":"Rocky Linux is a community-driven
      effort to bring you enterprise-grade, production-ready Linux.","logo":"https://scw-marketplace-logos.s3.fr-par.scw.cloud/rockylinux.png","categories":["distribution"],"valid_until":null,"created_at":"2022-08-24T09:26:33.639016Z","updated_at":"2022-12-06T10:11:21.937145Z"},{"id":"b381b2bf-804a-4b12-91f6-9f4ff273462f","name":"Ubuntu
      18.04 LTS (Bionic Beaver)","label":"ubuntu_bionic","description":"Ubuntu is
      the ideal distribution for scale-out computing, Ubuntu Server helps you make
      the most of your infrastructure.","logo":"https://scw-marketplace-logos.s3.fr-par.scw.cloud/ubuntu.png","categories":["distribution"],"valid_until":null,"created_at":"2018-04-27T14:07:25.221998Z","updated_at":"2022-11-21T09:55:29.947561Z"},{"id":"3f1b9623-71ba-4fe3-b994-27fcdaa850ba","name":"Ubuntu
      20.04 TLS (Focal Fossa)","label":"ubuntu_focal","description":"Ubuntu is the
      ideal distribution for scale-out computing, Ubuntu Server helps you make the
      most of your infrastructure.","logo":"https://scw-marketplace-logos.s3.fr-par.scw.cloud/ubuntu.png","categories":["distribution"],"valid_until":null,"created_at":"2020-02-17T15:50:48.980694Z","updated_at":"2022-11-21T09:55:20.580470Z"},{"id":"1123148c-7660-4cb2-9fd3-7b5b4896f72f","name":"Ubuntu
      22.04 TLS (Jammy Jellyfish)","label":"ubuntu_jammy","description":"Ubuntu is
      the ideal distribution for scale-out computing, Ubuntu Server helps you make
      the most of your infrastructure.","logo":"https://scw-marketplace-logos.s3.fr-par.scw.cloud/ubuntu.png","categories":["distribution"],"valid_until":null,"created_at":"2022-04-07T13:35:54.966630Z","updated_at":"2022-11-21T09:52:44.381782Z"},{"id":"4dcc771c-820f-405c-b663-4564bdc2ed56","name":"Ubuntu
      Focal GPU OS 11","label":"ubuntu_focal_gpu_os_11","description":"Ubuntu 20.04
      Focal Fossa for Nvidia GPU and Machine Learning","logo":"https://scw-marketplace-logos.s3.fr-par.scw.cloud/ubuntu.png","categories":["Machine
      Learning"],"valid_until":null,"created_at":"2021-11-30T12:37:45.971134Z","updated_at":"2022-09-19T14:10:37.648361Z"},{"id":"215a50f9-0ba8-4e9c-a4e7-10caf50e3586","name":"WordPress","label":"wordpress","description":"WordPress
      is the most popular web software you can use to create a beautiful website or
      blog.","logo":"https://scw-marketplace-logos.s3.fr-par.scw.cloud/wordpress.png","categories":["instantapp"],"valid_until":null,"created_at":"2016-03-07T21:03:59.783534Z","updated_at":"2022-11-21T09:58:15.549240Z"}],"total_count":22}'
    headers:
      Content-Security-Policy:
      - default-src 'none'; frame-ancestors 'none'
      Content-Type:
      - application/json
      Date:
      - Wed, 18 Jan 2023 16:09:53 GMT
      Server:
      - Scaleway API-Gateway
      Strict-Transport-Security:
      - max-age=63072000
      X-Content-Type-Options:
      - nosniff
      X-Frame-Options:
      - DENY
      X-Request-Id:
      - 9b19fee0-0c71-4076-ba8d-03a843521acf
    status: 200 OK
    code: 200
    duration: ""
- request:
    body: ""
    form: {}
    headers:
      User-Agent:
      - scaleway-sdk-go/v1.0.0-beta.7+dev (go1.19; darwin; amd64)
    url: https://api.scaleway.com/marketplace/v2/local-images?image_id=3f1b9623-71ba-4fe3-b994-27fcdaa850ba&order_by=created_at_asc&page=1&zone=fr-par-1
    method: GET
  response:
    body: '{"local_images":[{"id":"9718dbf0-b714-48c7-b489-569471fe0ed4","arch":"x86_64","zone":"nl-ams-2","compatible_commercial_types":["DEV1-L","DEV1-M","DEV1-S","DEV1-XL","ENT1-2XL","ENT1-L","ENT1-M","ENT1-S","ENT1-XL","ENT1-XS","ENT1-XXS","GP1-L","GP1-M","GP1-S","GP1-VIZ","GP1-XL","GP1-XS","PLAY2-MICRO","PLAY2-NANO","PLAY2-PICO","PRO2-L","PRO2-M","PRO2-S","PRO2-XS","PRO2-XXS","RENDER-S","STARDUST1-S","START1-L","START1-M","START1-S","START1-XS","VC1L","VC1M","VC1S","X64-120GB","X64-15GB","X64-30GB","X64-60GB"]},{"id":"498d8681-885d-47b8-b2d0-7f57a117787f","arch":"x86_64","zone":"nl-ams-1","compatible_commercial_types":["DEV1-L","DEV1-M","DEV1-S","DEV1-XL","ENT1-2XL","ENT1-L","ENT1-M","ENT1-S","ENT1-XL","ENT1-XS","ENT1-XXS","GP1-L","GP1-M","GP1-S","GP1-VIZ","GP1-XL","GP1-XS","PLAY2-MICRO","PLAY2-NANO","PLAY2-PICO","PRO2-L","PRO2-M","PRO2-S","PRO2-XS","PRO2-XXS","RENDER-S","STARDUST1-S","START1-L","START1-M","START1-S","START1-XS","VC1L","VC1M","VC1S","X64-120GB","X64-15GB","X64-30GB","X64-60GB"]},{"id":"d318f34b-1044-482a-afe3-1be349690a13","arch":"x86_64","zone":"fr-par-1","compatible_commercial_types":["DEV1-L","DEV1-M","DEV1-S","DEV1-XL","ENT1-2XL","ENT1-L","ENT1-M","ENT1-S","ENT1-XL","ENT1-XS","ENT1-XXS","GP1-L","GP1-M","GP1-S","GP1-VIZ","GP1-XL","GP1-XS","PLAY2-MICRO","PLAY2-NANO","PLAY2-PICO","PRO2-L","PRO2-M","PRO2-S","PRO2-XS","PRO2-XXS","RENDER-S","STARDUST1-S","START1-L","START1-M","START1-S","START1-XS","VC1L","VC1M","VC1S","X64-120GB","X64-15GB","X64-30GB","X64-60GB"]},{"id":"aa69a458-46ae-4ea4-b34a-a2d083f52258","arch":"x86_64","zone":"pl-waw-1","compatible_commercial_types":["DEV1-L","DEV1-M","DEV1-S","DEV1-XL","ENT1-2XL","ENT1-L","ENT1-M","ENT1-S","ENT1-XL","ENT1-XS","ENT1-XXS","GP1-L","GP1-M","GP1-S","GP1-VIZ","GP1-XL","GP1-XS","PLAY2-MICRO","PLAY2-NANO","PLAY2-PICO","PRO2-L","PRO2-M","PRO2-S","PRO2-XS","PRO2-XXS","RENDER-S","STARDUST1-S","START1-L","START1-M","START1-S","START1-XS","VC1L","VC1M","VC1S","X64-120GB","X64-15GB","X64-30GB","X64-60GB"]},{"id":"93b28169-0ac5-422e-99f5-2d03af0ede21","arch":"x86_64","zone":"pl-waw-2","compatible_commercial_types":["DEV1-L","DEV1-M","DEV1-S","DEV1-XL","ENT1-2XL","ENT1-L","ENT1-M","ENT1-S","ENT1-XL","ENT1-XS","ENT1-XXS","GP1-L","GP1-M","GP1-S","GP1-VIZ","GP1-XL","GP1-XS","PLAY2-MICRO","PLAY2-NANO","PLAY2-PICO","PRO2-L","PRO2-M","PRO2-S","PRO2-XS","PRO2-XXS","RENDER-S","STARDUST1-S","START1-L","START1-M","START1-S","START1-XS","VC1L","VC1M","VC1S","X64-120GB","X64-15GB","X64-30GB","X64-60GB"]},{"id":"73f3e83e-656c-4645-b87a-2093bcd9f560","arch":"x86_64","zone":"fr-par-3","compatible_commercial_types":["DEV1-L","DEV1-M","DEV1-S","DEV1-XL","ENT1-2XL","ENT1-L","ENT1-M","ENT1-S","ENT1-XL","ENT1-XS","ENT1-XXS","GP1-L","GP1-M","GP1-S","GP1-VIZ","GP1-XL","GP1-XS","PLAY2-MICRO","PLAY2-NANO","PLAY2-PICO","PRO2-L","PRO2-M","PRO2-S","PRO2-XS","PRO2-XXS","RENDER-S","STARDUST1-S","START1-L","START1-M","START1-S","START1-XS","VC1L","VC1M","VC1S","X64-120GB","X64-15GB","X64-30GB","X64-60GB"]},{"id":"ace23dcf-3de5-4d57-aa2b-0d5457c34abc","arch":"x86_64","zone":"fr-par-2","compatible_commercial_types":["DEV1-L","DEV1-M","DEV1-S","DEV1-XL","ENT1-2XL","ENT1-L","ENT1-M","ENT1-S","ENT1-XL","ENT1-XS","ENT1-XXS","GP1-L","GP1-M","GP1-S","GP1-VIZ","GP1-XL","GP1-XS","PLAY2-MICRO","PLAY2-NANO","PLAY2-PICO","PRO2-L","PRO2-M","PRO2-S","PRO2-XS","PRO2-XXS","RENDER-S","STARDUST1-S","START1-L","START1-M","START1-S","START1-XS","VC1L","VC1M","VC1S","X64-120GB","X64-15GB","X64-30GB","X64-60GB"]}],"total_count":7}'
    headers:
      Content-Length:
      - "3492"
      Content-Security-Policy:
      - default-src 'none'; frame-ancestors 'none'
      Content-Type:
      - application/json
      Date:
      - Wed, 18 Jan 2023 16:09:53 GMT
      Server:
      - Scaleway API-Gateway
      Strict-Transport-Security:
      - max-age=63072000
      X-Content-Type-Options:
      - nosniff
      X-Frame-Options:
      - DENY
      X-Request-Id:
      - 0d512671-ec25-4d16-b6bd-9dd15c16a70c
    status: 200 OK
    code: 200
    duration: ""
- request:
    body: ""
    form: {}
    headers:
      User-Agent:
      - scaleway-sdk-go/v1.0.0-beta.7+dev (go1.19; darwin; amd64)
    url: https://api.scaleway.com/marketplace/v2/images?include_eol=false&order_by=name_asc&page=1
    method: GET
  response:
    body: '{"images":[{"id":"0d3a22da-c634-45d6-a7dd-aff402f88b0c","name":"AlmaLinux
      8","label":"almalinux_8","description":"AlmaLinux OS is an Open Source and forever-free
      enterprise Linux distribution, governed and driven by the community, focused
      on long-term stability and a robust production-grade platform","logo":"https://scw-marketplace-logos.s3.fr-par.scw.cloud/almalinux.png","categories":["distribution"],"valid_until":null,"created_at":"2021-10-05T13:36:52.246490Z","updated_at":"2022-11-21T09:56:12.505342Z"},{"id":"486ead23-9656-41d1-aa74-a5a780b2ae1b","name":"AlmaLinux
      9","label":"almalinux_9","description":"AlmaLinux OS is an Open Source and forever-free
      enterprise Linux distribution, governed and driven by the community, focused
      on long-term stability and a robust production-grade platform","logo":"https://scw-marketplace-logos.s3.fr-par.scw.cloud/almalinux.png","categories":["distribution"],"valid_until":null,"created_at":"2022-08-24T09:21:26.315925Z","updated_at":"2022-11-21T09:56:21.843707Z"},{"id":"8f60c5dd-e659-48da-97e3-fb7de42195f5","name":"Arch
      Linux","label":"arch_linux","description":"Arch Linux is an independently developed
      Linux distribution versatile enough to suit any role.","logo":"https://scw-marketplace-logos.s3.fr-par.scw.cloud/archlinux.png","categories":["distribution"],"valid_until":null,"created_at":"2016-03-07T20:55:32.213089Z","updated_at":"2022-01-26T12:54:47.557608Z"},{"id":"dc947de3-ddc7-4056-bc35-d51a316ebbb4","name":"CentOS
      7.9","label":"centos_7.9","description":"The CentOS Project is a community-driven
      free software effort focused on delivering a robust open source ecosystem.","logo":"https://scw-marketplace-logos.s3.fr-par.scw.cloud/centos.png","categories":["distribution"],"valid_until":null,"created_at":"2019-12-25T00:00:00Z","updated_at":"2022-11-21T09:57:07.222778Z"},{"id":"f49dc23e-82d1-48c3-b80e-6c697b1dda92","name":"CentOS
      Stream 8","label":"centos_stream_8","description":"The CentOS Project is a community-driven
      free software effort focused on delivering a robust open source ecosystem.","logo":"https://scw-marketplace-logos.s3.fr-par.scw.cloud/centos.png","categories":["distribution"],"valid_until":null,"created_at":"2022-02-03T10:23:22.168515Z","updated_at":"2022-11-21T09:57:17.844379Z"},{"id":"cfb3fa01-6406-4be8-9e9d-29daee2582fa","name":"CentOS
      Stream 9","label":"centos_stream_9","description":"The CentOS Project is a community-driven
      free software effort focused on delivering a robust open source ecosystem.","logo":"https://scw-marketplace-logos.s3.fr-par.scw.cloud/centos.png","categories":["distribution"],"valid_until":null,"created_at":"2022-02-03T10:35:17.004309Z","updated_at":"2022-11-21T09:57:27.226811Z"},{"id":"7bdc1afb-231f-486a-9b85-1b0478bc0e4a","name":"Debian
      10 (Buster)","label":"debian_buster","description":"Debian is a free operating
      system, developed by thousands of volunteers from all over the world who collaborate
      via the Internet.","logo":"https://scw-marketplace-logos.s3.fr-par.scw.cloud/debian.png","categories":["distribution"],"valid_until":null,"created_at":"2019-07-16T13:55:36.377559Z","updated_at":"2022-11-22T15:03:29.064893Z"},{"id":"213b02cb-3d8d-4967-ba8d-e5767a57574e","name":"Debian
      Bullseye","label":"debian_bullseye","description":"Debian is a free operating
      system, developed by thousands of volunteers from all over the world who collaborate
      via the Internet.","logo":"https://scw-marketplace-logos.s3.fr-par.scw.cloud/debian.png","categories":["distribution"],"valid_until":null,"created_at":"2021-07-21T09:09:36.581723Z","updated_at":"2023-01-03T16:14:56.937558Z"},{"id":"c1b530d8-0ca0-45c4-80db-ba06608287b2","name":"Docker","label":"docker","description":"Docker
      is an open platform for developers and sysadmins to build, ship, and run distributed
      applications.","logo":"https://scw-marketplace-logos.s3.fr-par.scw.cloud/docker.png","categories":["instantapp"],"valid_until":null,"created_at":"2016-03-05T15:11:26.847640Z","updated_at":"2022-11-21T09:58:41.216589Z"},{"id":"198bbff7-c136-4b9c-9e28-8770df451fc1","name":"Fedora
      35","label":"fedora_35","description":"Fedora is a powerful, flexible operating
      system that includes the best and latest datacenter technologies. It puts you
      in control of all your infrastructure and services","logo":"https://scw-marketplace-logos.s3.fr-par.scw.cloud/fedora.png","categories":["distribution"],"valid_until":null,"created_at":"2021-11-15T16:12:25.586923Z","updated_at":"2022-11-21T09:57:37.091043Z"},{"id":"186859f6-0152-45dd-9eb8-21fc5e8d774e","name":"Fedora
      36","label":"fedora_36","description":"Fedora is a powerful, flexible operating
      system that includes the best and latest datacenter technologies. It puts you
      in control of all your infrastructure and services","logo":"https://scw-marketplace-logos.s3.fr-par.scw.cloud/fedora.png","categories":["distribution"],"valid_until":null,"created_at":"2022-04-14T15:45:29.069701Z","updated_at":"2022-11-21T09:57:45.692658Z"},{"id":"2b0e5802-eb82-4fd5-ac8f-6877c46aa14b","name":"Fedora
      37","label":"fedora_37","description":"Fedora is a powerful, flexible operating
      system that includes the best and latest datacenter technologies. It puts you
      in control of all your infrastructure and services","logo":"https://scw-marketplace-logos.s3.fr-par.scw.cloud/fedora.png","categories":["distribution"],"valid_until":null,"created_at":"2022-11-14T10:48:04.097063Z","updated_at":"2022-11-21T10:14:57.440013Z"},{"id":"233074b9-e2ba-4e78-818e-dd4930ce6bee","name":"GitLab","label":"gitlab","description":"GitLab
      is a web-based Git repository manager with wiki and issue tracking features.","logo":"https://scw-marketplace-logos.s3.fr-par.scw.cloud/gitlab.png","categories":["instantapp"],"valid_until":null,"created_at":"2016-03-07T21:06:22.770864Z","updated_at":"2022-11-21T09:59:01.854428Z"},{"id":"7d4a7cb1-1fd5-4a64-920b-c79f47367254","name":"NextCloud","label":"nextcloud","description":"Nextcloud
      is an open source, self-hosted file share and communication platform.","logo":"https://scw-marketplace-logos.s3.fr-par.scw.cloud/nextcloud.png","categories":["instantapp"],"valid_until":null,"created_at":"2019-04-16T12:22:56.930842Z","updated_at":"2022-11-21T09:58:50.824677Z"},{"id":"b6f4edc8-21e6-4aa2-8f52-1030cf6d4dd8","name":"OpenVPN","label":"openvpn","description":"Surf
      the web in a secure and anonymous way with OpenVPN InstantApp.","logo":"https://scw-marketplace-logos.s3.fr-par.scw.cloud/openvpn.png","categories":["instantapp"],"valid_until":null,"created_at":"2016-03-07T21:04:57.667667Z","updated_at":"2022-11-21T09:58:29.002209Z"},{"id":"1576bf6b-f640-47f2-9117-968419d0546e","name":"Rocky
      Linux 8","label":"rockylinux_8","description":"Rocky Linux is a community-driven
      effort to bring you enterprise-grade, production-ready Linux.","logo":"https://scw-marketplace-logos.s3.fr-par.scw.cloud/rockylinux.png","categories":["distribution"],"valid_until":null,"created_at":"2021-06-25T10:16:16.254240Z","updated_at":"2022-12-06T10:11:34.316020Z"},{"id":"589c35a9-20ce-4ed9-92d7-16dc061be52b","name":"Rocky
      Linux 9","label":"rockylinux_9","description":"Rocky Linux is a community-driven
      effort to bring you enterprise-grade, production-ready Linux.","logo":"https://scw-marketplace-logos.s3.fr-par.scw.cloud/rockylinux.png","categories":["distribution"],"valid_until":null,"created_at":"2022-08-24T09:26:33.639016Z","updated_at":"2022-12-06T10:11:21.937145Z"},{"id":"b381b2bf-804a-4b12-91f6-9f4ff273462f","name":"Ubuntu
      18.04 LTS (Bionic Beaver)","label":"ubuntu_bionic","description":"Ubuntu is
      the ideal distribution for scale-out computing, Ubuntu Server helps you make
      the most of your infrastructure.","logo":"https://scw-marketplace-logos.s3.fr-par.scw.cloud/ubuntu.png","categories":["distribution"],"valid_until":null,"created_at":"2018-04-27T14:07:25.221998Z","updated_at":"2022-11-21T09:55:29.947561Z"},{"id":"3f1b9623-71ba-4fe3-b994-27fcdaa850ba","name":"Ubuntu
      20.04 TLS (Focal Fossa)","label":"ubuntu_focal","description":"Ubuntu is the
      ideal distribution for scale-out computing, Ubuntu Server helps you make the
      most of your infrastructure.","logo":"https://scw-marketplace-logos.s3.fr-par.scw.cloud/ubuntu.png","categories":["distribution"],"valid_until":null,"created_at":"2020-02-17T15:50:48.980694Z","updated_at":"2022-11-21T09:55:20.580470Z"},{"id":"1123148c-7660-4cb2-9fd3-7b5b4896f72f","name":"Ubuntu
      22.04 TLS (Jammy Jellyfish)","label":"ubuntu_jammy","description":"Ubuntu is
      the ideal distribution for scale-out computing, Ubuntu Server helps you make
      the most of your infrastructure.","logo":"https://scw-marketplace-logos.s3.fr-par.scw.cloud/ubuntu.png","categories":["distribution"],"valid_until":null,"created_at":"2022-04-07T13:35:54.966630Z","updated_at":"2022-11-21T09:52:44.381782Z"},{"id":"4dcc771c-820f-405c-b663-4564bdc2ed56","name":"Ubuntu
      Focal GPU OS 11","label":"ubuntu_focal_gpu_os_11","description":"Ubuntu 20.04
      Focal Fossa for Nvidia GPU and Machine Learning","logo":"https://scw-marketplace-logos.s3.fr-par.scw.cloud/ubuntu.png","categories":["Machine
      Learning"],"valid_until":null,"created_at":"2021-11-30T12:37:45.971134Z","updated_at":"2022-09-19T14:10:37.648361Z"},{"id":"215a50f9-0ba8-4e9c-a4e7-10caf50e3586","name":"WordPress","label":"wordpress","description":"WordPress
      is the most popular web software you can use to create a beautiful website or
      blog.","logo":"https://scw-marketplace-logos.s3.fr-par.scw.cloud/wordpress.png","categories":["instantapp"],"valid_until":null,"created_at":"2016-03-07T21:03:59.783534Z","updated_at":"2022-11-21T09:58:15.549240Z"}],"total_count":22}'
    headers:
      Content-Security-Policy:
      - default-src 'none'; frame-ancestors 'none'
      Content-Type:
      - application/json
      Date:
      - Wed, 18 Jan 2023 16:09:53 GMT
      Server:
      - Scaleway API-Gateway
      Strict-Transport-Security:
      - max-age=63072000
      X-Content-Type-Options:
      - nosniff
      X-Frame-Options:
      - DENY
      X-Request-Id:
      - 1334c83a-b9d5-4d08-8057-8f2714537208
    status: 200 OK
    code: 200
    duration: ""
- request:
    body: ""
    form: {}
    headers:
      User-Agent:
      - scaleway-sdk-go/v1.0.0-beta.7+dev (go1.19; darwin; amd64)
    url: https://api.scaleway.com/marketplace/v2/local-images?image_id=3f1b9623-71ba-4fe3-b994-27fcdaa850ba&order_by=created_at_asc&page=1&zone=fr-par-1
    method: GET
  response:
    body: '{"local_images":[{"id":"9718dbf0-b714-48c7-b489-569471fe0ed4","arch":"x86_64","zone":"nl-ams-2","compatible_commercial_types":["DEV1-L","DEV1-M","DEV1-S","DEV1-XL","ENT1-2XL","ENT1-L","ENT1-M","ENT1-S","ENT1-XL","ENT1-XS","ENT1-XXS","GP1-L","GP1-M","GP1-S","GP1-VIZ","GP1-XL","GP1-XS","PLAY2-MICRO","PLAY2-NANO","PLAY2-PICO","PRO2-L","PRO2-M","PRO2-S","PRO2-XS","PRO2-XXS","RENDER-S","STARDUST1-S","START1-L","START1-M","START1-S","START1-XS","VC1L","VC1M","VC1S","X64-120GB","X64-15GB","X64-30GB","X64-60GB"]},{"id":"498d8681-885d-47b8-b2d0-7f57a117787f","arch":"x86_64","zone":"nl-ams-1","compatible_commercial_types":["DEV1-L","DEV1-M","DEV1-S","DEV1-XL","ENT1-2XL","ENT1-L","ENT1-M","ENT1-S","ENT1-XL","ENT1-XS","ENT1-XXS","GP1-L","GP1-M","GP1-S","GP1-VIZ","GP1-XL","GP1-XS","PLAY2-MICRO","PLAY2-NANO","PLAY2-PICO","PRO2-L","PRO2-M","PRO2-S","PRO2-XS","PRO2-XXS","RENDER-S","STARDUST1-S","START1-L","START1-M","START1-S","START1-XS","VC1L","VC1M","VC1S","X64-120GB","X64-15GB","X64-30GB","X64-60GB"]},{"id":"d318f34b-1044-482a-afe3-1be349690a13","arch":"x86_64","zone":"fr-par-1","compatible_commercial_types":["DEV1-L","DEV1-M","DEV1-S","DEV1-XL","ENT1-2XL","ENT1-L","ENT1-M","ENT1-S","ENT1-XL","ENT1-XS","ENT1-XXS","GP1-L","GP1-M","GP1-S","GP1-VIZ","GP1-XL","GP1-XS","PLAY2-MICRO","PLAY2-NANO","PLAY2-PICO","PRO2-L","PRO2-M","PRO2-S","PRO2-XS","PRO2-XXS","RENDER-S","STARDUST1-S","START1-L","START1-M","START1-S","START1-XS","VC1L","VC1M","VC1S","X64-120GB","X64-15GB","X64-30GB","X64-60GB"]},{"id":"aa69a458-46ae-4ea4-b34a-a2d083f52258","arch":"x86_64","zone":"pl-waw-1","compatible_commercial_types":["DEV1-L","DEV1-M","DEV1-S","DEV1-XL","ENT1-2XL","ENT1-L","ENT1-M","ENT1-S","ENT1-XL","ENT1-XS","ENT1-XXS","GP1-L","GP1-M","GP1-S","GP1-VIZ","GP1-XL","GP1-XS","PLAY2-MICRO","PLAY2-NANO","PLAY2-PICO","PRO2-L","PRO2-M","PRO2-S","PRO2-XS","PRO2-XXS","RENDER-S","STARDUST1-S","START1-L","START1-M","START1-S","START1-XS","VC1L","VC1M","VC1S","X64-120GB","X64-15GB","X64-30GB","X64-60GB"]},{"id":"93b28169-0ac5-422e-99f5-2d03af0ede21","arch":"x86_64","zone":"pl-waw-2","compatible_commercial_types":["DEV1-L","DEV1-M","DEV1-S","DEV1-XL","ENT1-2XL","ENT1-L","ENT1-M","ENT1-S","ENT1-XL","ENT1-XS","ENT1-XXS","GP1-L","GP1-M","GP1-S","GP1-VIZ","GP1-XL","GP1-XS","PLAY2-MICRO","PLAY2-NANO","PLAY2-PICO","PRO2-L","PRO2-M","PRO2-S","PRO2-XS","PRO2-XXS","RENDER-S","STARDUST1-S","START1-L","START1-M","START1-S","START1-XS","VC1L","VC1M","VC1S","X64-120GB","X64-15GB","X64-30GB","X64-60GB"]},{"id":"73f3e83e-656c-4645-b87a-2093bcd9f560","arch":"x86_64","zone":"fr-par-3","compatible_commercial_types":["DEV1-L","DEV1-M","DEV1-S","DEV1-XL","ENT1-2XL","ENT1-L","ENT1-M","ENT1-S","ENT1-XL","ENT1-XS","ENT1-XXS","GP1-L","GP1-M","GP1-S","GP1-VIZ","GP1-XL","GP1-XS","PLAY2-MICRO","PLAY2-NANO","PLAY2-PICO","PRO2-L","PRO2-M","PRO2-S","PRO2-XS","PRO2-XXS","RENDER-S","STARDUST1-S","START1-L","START1-M","START1-S","START1-XS","VC1L","VC1M","VC1S","X64-120GB","X64-15GB","X64-30GB","X64-60GB"]},{"id":"ace23dcf-3de5-4d57-aa2b-0d5457c34abc","arch":"x86_64","zone":"fr-par-2","compatible_commercial_types":["DEV1-L","DEV1-M","DEV1-S","DEV1-XL","ENT1-2XL","ENT1-L","ENT1-M","ENT1-S","ENT1-XL","ENT1-XS","ENT1-XXS","GP1-L","GP1-M","GP1-S","GP1-VIZ","GP1-XL","GP1-XS","PLAY2-MICRO","PLAY2-NANO","PLAY2-PICO","PRO2-L","PRO2-M","PRO2-S","PRO2-XS","PRO2-XXS","RENDER-S","STARDUST1-S","START1-L","START1-M","START1-S","START1-XS","VC1L","VC1M","VC1S","X64-120GB","X64-15GB","X64-30GB","X64-60GB"]}],"total_count":7}'
    headers:
      Content-Length:
      - "3492"
      Content-Security-Policy:
      - default-src 'none'; frame-ancestors 'none'
      Content-Type:
      - application/json
      Date:
      - Wed, 18 Jan 2023 16:09:53 GMT
      Server:
      - Scaleway API-Gateway
      Strict-Transport-Security:
      - max-age=63072000
      X-Content-Type-Options:
      - nosniff
      X-Frame-Options:
      - DENY
      X-Request-Id:
      - b7a06e9a-40e7-4a91-81c1-24a6b0cddcfd
    status: 200 OK
    code: 200
    duration: ""
- request:
    body: ""
    form: {}
    headers:
      User-Agent:
      - scaleway-sdk-go/v1.0.0-beta.7+dev (go1.19; darwin; amd64)
    url: https://api.scaleway.com/marketplace/v2/images?include_eol=false&order_by=name_asc&page=1
    method: GET
  response:
    body: '{"images":[{"id":"0d3a22da-c634-45d6-a7dd-aff402f88b0c","name":"AlmaLinux
      8","label":"almalinux_8","description":"AlmaLinux OS is an Open Source and forever-free
      enterprise Linux distribution, governed and driven by the community, focused
      on long-term stability and a robust production-grade platform","logo":"https://scw-marketplace-logos.s3.fr-par.scw.cloud/almalinux.png","categories":["distribution"],"valid_until":null,"created_at":"2021-10-05T13:36:52.246490Z","updated_at":"2022-11-21T09:56:12.505342Z"},{"id":"486ead23-9656-41d1-aa74-a5a780b2ae1b","name":"AlmaLinux
      9","label":"almalinux_9","description":"AlmaLinux OS is an Open Source and forever-free
      enterprise Linux distribution, governed and driven by the community, focused
      on long-term stability and a robust production-grade platform","logo":"https://scw-marketplace-logos.s3.fr-par.scw.cloud/almalinux.png","categories":["distribution"],"valid_until":null,"created_at":"2022-08-24T09:21:26.315925Z","updated_at":"2022-11-21T09:56:21.843707Z"},{"id":"8f60c5dd-e659-48da-97e3-fb7de42195f5","name":"Arch
      Linux","label":"arch_linux","description":"Arch Linux is an independently developed
      Linux distribution versatile enough to suit any role.","logo":"https://scw-marketplace-logos.s3.fr-par.scw.cloud/archlinux.png","categories":["distribution"],"valid_until":null,"created_at":"2016-03-07T20:55:32.213089Z","updated_at":"2022-01-26T12:54:47.557608Z"},{"id":"dc947de3-ddc7-4056-bc35-d51a316ebbb4","name":"CentOS
      7.9","label":"centos_7.9","description":"The CentOS Project is a community-driven
      free software effort focused on delivering a robust open source ecosystem.","logo":"https://scw-marketplace-logos.s3.fr-par.scw.cloud/centos.png","categories":["distribution"],"valid_until":null,"created_at":"2019-12-25T00:00:00Z","updated_at":"2022-11-21T09:57:07.222778Z"},{"id":"f49dc23e-82d1-48c3-b80e-6c697b1dda92","name":"CentOS
      Stream 8","label":"centos_stream_8","description":"The CentOS Project is a community-driven
      free software effort focused on delivering a robust open source ecosystem.","logo":"https://scw-marketplace-logos.s3.fr-par.scw.cloud/centos.png","categories":["distribution"],"valid_until":null,"created_at":"2022-02-03T10:23:22.168515Z","updated_at":"2022-11-21T09:57:17.844379Z"},{"id":"cfb3fa01-6406-4be8-9e9d-29daee2582fa","name":"CentOS
      Stream 9","label":"centos_stream_9","description":"The CentOS Project is a community-driven
      free software effort focused on delivering a robust open source ecosystem.","logo":"https://scw-marketplace-logos.s3.fr-par.scw.cloud/centos.png","categories":["distribution"],"valid_until":null,"created_at":"2022-02-03T10:35:17.004309Z","updated_at":"2022-11-21T09:57:27.226811Z"},{"id":"7bdc1afb-231f-486a-9b85-1b0478bc0e4a","name":"Debian
      10 (Buster)","label":"debian_buster","description":"Debian is a free operating
      system, developed by thousands of volunteers from all over the world who collaborate
      via the Internet.","logo":"https://scw-marketplace-logos.s3.fr-par.scw.cloud/debian.png","categories":["distribution"],"valid_until":null,"created_at":"2019-07-16T13:55:36.377559Z","updated_at":"2022-11-22T15:03:29.064893Z"},{"id":"213b02cb-3d8d-4967-ba8d-e5767a57574e","name":"Debian
      Bullseye","label":"debian_bullseye","description":"Debian is a free operating
      system, developed by thousands of volunteers from all over the world who collaborate
      via the Internet.","logo":"https://scw-marketplace-logos.s3.fr-par.scw.cloud/debian.png","categories":["distribution"],"valid_until":null,"created_at":"2021-07-21T09:09:36.581723Z","updated_at":"2023-01-03T16:14:56.937558Z"},{"id":"c1b530d8-0ca0-45c4-80db-ba06608287b2","name":"Docker","label":"docker","description":"Docker
      is an open platform for developers and sysadmins to build, ship, and run distributed
      applications.","logo":"https://scw-marketplace-logos.s3.fr-par.scw.cloud/docker.png","categories":["instantapp"],"valid_until":null,"created_at":"2016-03-05T15:11:26.847640Z","updated_at":"2022-11-21T09:58:41.216589Z"},{"id":"198bbff7-c136-4b9c-9e28-8770df451fc1","name":"Fedora
      35","label":"fedora_35","description":"Fedora is a powerful, flexible operating
      system that includes the best and latest datacenter technologies. It puts you
      in control of all your infrastructure and services","logo":"https://scw-marketplace-logos.s3.fr-par.scw.cloud/fedora.png","categories":["distribution"],"valid_until":null,"created_at":"2021-11-15T16:12:25.586923Z","updated_at":"2022-11-21T09:57:37.091043Z"},{"id":"186859f6-0152-45dd-9eb8-21fc5e8d774e","name":"Fedora
      36","label":"fedora_36","description":"Fedora is a powerful, flexible operating
      system that includes the best and latest datacenter technologies. It puts you
      in control of all your infrastructure and services","logo":"https://scw-marketplace-logos.s3.fr-par.scw.cloud/fedora.png","categories":["distribution"],"valid_until":null,"created_at":"2022-04-14T15:45:29.069701Z","updated_at":"2022-11-21T09:57:45.692658Z"},{"id":"2b0e5802-eb82-4fd5-ac8f-6877c46aa14b","name":"Fedora
      37","label":"fedora_37","description":"Fedora is a powerful, flexible operating
      system that includes the best and latest datacenter technologies. It puts you
      in control of all your infrastructure and services","logo":"https://scw-marketplace-logos.s3.fr-par.scw.cloud/fedora.png","categories":["distribution"],"valid_until":null,"created_at":"2022-11-14T10:48:04.097063Z","updated_at":"2022-11-21T10:14:57.440013Z"},{"id":"233074b9-e2ba-4e78-818e-dd4930ce6bee","name":"GitLab","label":"gitlab","description":"GitLab
      is a web-based Git repository manager with wiki and issue tracking features.","logo":"https://scw-marketplace-logos.s3.fr-par.scw.cloud/gitlab.png","categories":["instantapp"],"valid_until":null,"created_at":"2016-03-07T21:06:22.770864Z","updated_at":"2022-11-21T09:59:01.854428Z"},{"id":"7d4a7cb1-1fd5-4a64-920b-c79f47367254","name":"NextCloud","label":"nextcloud","description":"Nextcloud
      is an open source, self-hosted file share and communication platform.","logo":"https://scw-marketplace-logos.s3.fr-par.scw.cloud/nextcloud.png","categories":["instantapp"],"valid_until":null,"created_at":"2019-04-16T12:22:56.930842Z","updated_at":"2022-11-21T09:58:50.824677Z"},{"id":"b6f4edc8-21e6-4aa2-8f52-1030cf6d4dd8","name":"OpenVPN","label":"openvpn","description":"Surf
      the web in a secure and anonymous way with OpenVPN InstantApp.","logo":"https://scw-marketplace-logos.s3.fr-par.scw.cloud/openvpn.png","categories":["instantapp"],"valid_until":null,"created_at":"2016-03-07T21:04:57.667667Z","updated_at":"2022-11-21T09:58:29.002209Z"},{"id":"1576bf6b-f640-47f2-9117-968419d0546e","name":"Rocky
      Linux 8","label":"rockylinux_8","description":"Rocky Linux is a community-driven
      effort to bring you enterprise-grade, production-ready Linux.","logo":"https://scw-marketplace-logos.s3.fr-par.scw.cloud/rockylinux.png","categories":["distribution"],"valid_until":null,"created_at":"2021-06-25T10:16:16.254240Z","updated_at":"2022-12-06T10:11:34.316020Z"},{"id":"589c35a9-20ce-4ed9-92d7-16dc061be52b","name":"Rocky
      Linux 9","label":"rockylinux_9","description":"Rocky Linux is a community-driven
      effort to bring you enterprise-grade, production-ready Linux.","logo":"https://scw-marketplace-logos.s3.fr-par.scw.cloud/rockylinux.png","categories":["distribution"],"valid_until":null,"created_at":"2022-08-24T09:26:33.639016Z","updated_at":"2022-12-06T10:11:21.937145Z"},{"id":"b381b2bf-804a-4b12-91f6-9f4ff273462f","name":"Ubuntu
      18.04 LTS (Bionic Beaver)","label":"ubuntu_bionic","description":"Ubuntu is
      the ideal distribution for scale-out computing, Ubuntu Server helps you make
      the most of your infrastructure.","logo":"https://scw-marketplace-logos.s3.fr-par.scw.cloud/ubuntu.png","categories":["distribution"],"valid_until":null,"created_at":"2018-04-27T14:07:25.221998Z","updated_at":"2022-11-21T09:55:29.947561Z"},{"id":"3f1b9623-71ba-4fe3-b994-27fcdaa850ba","name":"Ubuntu
      20.04 TLS (Focal Fossa)","label":"ubuntu_focal","description":"Ubuntu is the
      ideal distribution for scale-out computing, Ubuntu Server helps you make the
      most of your infrastructure.","logo":"https://scw-marketplace-logos.s3.fr-par.scw.cloud/ubuntu.png","categories":["distribution"],"valid_until":null,"created_at":"2020-02-17T15:50:48.980694Z","updated_at":"2022-11-21T09:55:20.580470Z"},{"id":"1123148c-7660-4cb2-9fd3-7b5b4896f72f","name":"Ubuntu
      22.04 TLS (Jammy Jellyfish)","label":"ubuntu_jammy","description":"Ubuntu is
      the ideal distribution for scale-out computing, Ubuntu Server helps you make
      the most of your infrastructure.","logo":"https://scw-marketplace-logos.s3.fr-par.scw.cloud/ubuntu.png","categories":["distribution"],"valid_until":null,"created_at":"2022-04-07T13:35:54.966630Z","updated_at":"2022-11-21T09:52:44.381782Z"},{"id":"4dcc771c-820f-405c-b663-4564bdc2ed56","name":"Ubuntu
      Focal GPU OS 11","label":"ubuntu_focal_gpu_os_11","description":"Ubuntu 20.04
      Focal Fossa for Nvidia GPU and Machine Learning","logo":"https://scw-marketplace-logos.s3.fr-par.scw.cloud/ubuntu.png","categories":["Machine
      Learning"],"valid_until":null,"created_at":"2021-11-30T12:37:45.971134Z","updated_at":"2022-09-19T14:10:37.648361Z"},{"id":"215a50f9-0ba8-4e9c-a4e7-10caf50e3586","name":"WordPress","label":"wordpress","description":"WordPress
      is the most popular web software you can use to create a beautiful website or
      blog.","logo":"https://scw-marketplace-logos.s3.fr-par.scw.cloud/wordpress.png","categories":["instantapp"],"valid_until":null,"created_at":"2016-03-07T21:03:59.783534Z","updated_at":"2022-11-21T09:58:15.549240Z"}],"total_count":22}'
    headers:
      Content-Security-Policy:
      - default-src 'none'; frame-ancestors 'none'
      Content-Type:
      - application/json
      Date:
      - Wed, 18 Jan 2023 16:09:53 GMT
      Server:
      - Scaleway API-Gateway
      Strict-Transport-Security:
      - max-age=63072000
      X-Content-Type-Options:
      - nosniff
      X-Frame-Options:
      - DENY
      X-Request-Id:
      - 61263c90-cb81-4cfe-9d4b-981e90da78c8
    status: 200 OK
    code: 200
    duration: ""
